// Jest Snapshot v1, https://goo.gl/fbAQLP

exports[`returns results 1`] = `""`;
