// Jest Snapshot v1, https://goo.gl/fbAQLP

exports[`renders correctly 1`] = `
<div>
  <nav
    className="navbar"
  >
    <ul>
      <li>
        <a
          href="/"
          onClick={[Function]}
        >
          Search
        </a>
         
      </li>
      <li>
        <a
          href="/favorites"
          onClick={[Function]}
        >
          Favorites
        </a>
         
      </li>
    </ul>
  </nav>
  <div>
    <h1>
      iTunes Search
    </h1>
    <form
      onSubmit={[Function]}
    >
      <input
        onChange={[Function]}
        placeholder="Search term"
        type="text"
        value=""
      />
      <select
        onChange={[Function]}
        value="all"
      >
        <option
          value="all"
        >
          All
        </option>
         
        <option
          value="movie"
        >
          Movie
        </option>
         
        <option
          value="podcast"
        >
          Podcast
        </option>
         
        <option
          value="music"
        >
          Music
        </option>
         
        <option
          value="audiobook"
        >
          Audiobook
        </option>
         
        <option
          value="shortFilm"
        >
          Short Film
        </option>
         
        <option
          value="tvShow"
        >
          TV Show
        </option>
         
        <option
          value="software"
        >
          Software
        </option>
         
        <option
          value="ebook"
        >
          eBook
        </option>
         
      </select>
      <button
        type="submit"
      >
        Search
      </button>
       
    </form>
    <div>
      <h2>
        Search Results
      </h2>
      <ul
        className="search-results-list"
      />
    </div>
  </div>
</div>
`;
